node.exe : ts-jest[ts-jest-transformer] (WARN) Define `ts-jest` config under 
`globals` is deprecated. Please do
At C:\Program Files\nodejs\npx.ps1:29 char:3
+   & $NODE_EXE $NPX_CLI_JS $args
+   ~~~~~~~~~~~~~~~~~~~~~~~~~~~~~
    + CategoryInfo          : NotSpecified: (ts-jest[ts-jest...ated. Please  
   do:String) [], RemoteException
    + FullyQualifiedErrorId : NativeCommandError
 
transform: {
    <transform_regex>: ['ts-jest', { /* ts-jest config goes here in Jest */ 
}],
},
See more at 
https://kulshekhar.github.io/ts-jest/docs/getting-started/presets#advanced
ts-jest[ts-jest-transformer] (WARN) Define `ts-jest` config under `globals` 
is deprecated. Please do
transform: {
    <transform_regex>: ['ts-jest', { /* ts-jest config goes here in Jest */ 
}],
},
See more at 
https://kulshekhar.github.io/ts-jest/docs/getting-started/presets#advanced
PASS tests/unit/services/category.service.test.ts
  Category Service
    getAllCategories
      ΓêÜ should return categories and total count (6 ms)
    getCategoryById
      ΓêÜ should return a category by ID (1 ms)
      ΓêÜ should throw NotFoundError if category does not exist (6 ms)
    getCategoryBySlug
      ΓêÜ should return a category by slug
    createCategory
      ΓêÜ should create a new category with provided slug (1 ms)
      ΓêÜ should auto-generate slug from name if not provided
      ΓêÜ should throw ConflictError if slug already exists (1 ms)
    restoreCategory
      ΓêÜ should restore a soft-deleted category
      ΓêÜ should return category directly if not deleted (1 ms)
    deleteCategory
      ΓêÜ should soft delete a category

2026-01-18 22:46:19:4619 [33mwarn[39m: [33mOperational error: Category slug already exists[39m
2026-01-18 22:46:19:4619 [33mwarn[39m: [33mOperational error: You do not have permission to perform this action[39m
2026-01-18 22:46:19:4619 [33mwarn[39m: [33mOperational error: Category not found[39m
FAIL tests/integration/category.test.ts
  Category Integration Tests
    POST /api/v1/categories
      ΓêÜ should allow admin to create a category (37 ms)
      ├ù should auto-generate slug if not provided (11 ms)
      ΓêÜ should deny viewer access to create category (10 ms)
    GET /api/v1/categories
      ΓêÜ should return categories with pagination and meta (38 ms)
      ΓêÜ should support search (8 ms)
    GET /api/v1/categories/:id
      ΓêÜ should return a single category publicly (5 ms)
    GET /api/v1/categories/slug/:slug
      ΓêÜ should return a single category by slug (5 ms)
    PATCH /api/v1/categories/:id
      ΓêÜ should allow admin to update category (9 ms)
    Soft Delete and Restore
      ΓêÜ should allow admin to soft delete category (15 ms)
      ΓêÜ should allow admin to restore category (12 ms)

  ΓùÅ Category Integration Tests ΓÇ║ POST /api/v1/categories ΓÇ║ should 
auto-generate slug if not provided

    expect(received).toBe(expected) // Object.is equality

    Expected: 201
    Received: 409

    [0m [90m 74 |[39m                 [33m.[39msend({ name[33m:[39m 
[32m'Auto Slug Category'[39m })[33m;[39m
     [90m 75 |[39m
    [31m[1m>[22m[39m[90m 76 |[39m             
expect(response[33m.[39mstatus)[33m.[39mtoBe([35m201[39m)[33m;[39m
     [90m    |[39m                                     [31m[1m^[22m[39m
     [90m 77 |[39m             expect(response[33m.[39mbody[33m.[39mdat
a[33m.[39mslug)[33m.[39mtoBe([32m'auto-slug-category'[39m)[33m;[39m
     [90m 78 |[39m         })[33m;[39m
     [90m 79 |[39m[0m

      at Object.<anonymous> (tests/integration/category.test.ts:76:37)

Test Suites: 1 failed, 1 passed, 2 total
Tests:       1 failed, 19 passed, 20 total
Snapshots:   0 total
Time:        3.449 s
Ran all test suites matching /tests\\integration\\category.test.ts|tests\\uni
t\\services\\category.service.test.ts/i.
